---
source: external-crates/move/crates/move-transactional-test-runner/src/framework.rs
---
processed 5 tasks

init:
A: object(0,0)

task 1, lines 6-26:
//# publish
created: object(1,0)
mutated: object(0,1)
gas summary: computation_cost: 1000000, storage_cost: 6156000,  storage_rebate: 0, non_refundable_storage_fee: 0

task 2, line 28:
//# run a::m::t1 --sender A
created: object(2,0)
mutated: object(0,0)
gas summary: computation_cost: 1000000, storage_cost: 2211600,  storage_rebate: 0, non_refundable_storage_fee: 0

task 3, line 30:
//# run a::m::t2 --sender A --args object(2,0) 0
created: object(3,0), object(3,1)
mutated: object(0,0), object(2,0)
gas summary: computation_cost: 1000000, storage_cost: 5981200,  storage_rebate: 2189484, non_refundable_storage_fee: 22116

task 4, line 32:
//# run a::m::t2 --sender A --args object(2,0) 1
created: object(4,0), object(4,1)
mutated: object(0,0), object(2,0)
gas summary: computation_cost: 1000000, storage_cost: 5981200,  storage_rebate: 2189484, non_refundable_storage_fee: 22116
