---
source: external-crates/move/crates/move-transactional-test-runner/src/framework.rs
---
processed 7 tasks

init:
A: object(0,0)

task 1, lines 6-31:
//# publish
created: object(1,0)
mutated: object(0,1)
gas summary: computation_cost: 1000000, storage_cost: 6444800,  storage_rebate: 0, non_refundable_storage_fee: 0

task 2, line 33:
//# run a::m::t1 --sender A
created: object(2,0), object(2,1), object(2,2)
mutated: object(0,0)
gas summary: computation_cost: 1000000, storage_cost: 5981200,  storage_rebate: 0, non_refundable_storage_fee: 0

task 3, line 35:
//# view-object 2,0
Owner: Account Address ( A )
Version: 2
Contents: a::m::DerivedObj {
    id: sui::object::UID {
        id: sui::object::ID {
            bytes: fake(2,0),
        },
    },
}

task 4, line 37:
//# view-object 2,1
Owner: Account Address ( A )
Version: 2
Contents: a::m::Obj {
    id: sui::object::UID {
        id: sui::object::ID {
            bytes: fake(2,1),
        },
    },
}

task 5, line 39:
//# view-object 2,2
Owner: Object ID: ( fake(2,1) )
Version: 2
Contents: sui::dynamic_field::Field<sui::derived_object::Claimed, sui::derived_object::ClaimedStatus> {
    id: sui::object::UID {
        id: sui::object::ID {
            bytes: fake(2,2),
        },
    },
    name: sui::derived_object::Claimed {
        pos0: sui::object::ID {
            bytes: fake(2,0),
        },
    },
    value: sui::derived_object::ClaimedStatus::Reserved{},
}

task 6, line 41:
//# run a::m::t2 --sender A --args object(2,1) 0
Error: Transaction Effects Status: Move Runtime Abort. Location: sui::derived_object::claim (function index 0) at offset 20, Abort Code: 0
Execution Error: ExecutionError: ExecutionError { inner: ExecutionErrorInner { kind: MoveAbort(MoveLocation { module: ModuleId { address: sui, name: Identifier("derived_object") }, function: 0, instruction: 20, function_name: Some("claim") }, 0), source: Some(VMError { major_status: ABORTED, sub_status: Some(0), message: Some("sui::derived_object::claim at offset 20"), exec_state: None, location: Module(ModuleId { address: sui, name: Identifier("derived_object") }), indices: [], offsets: [(FunctionDefinitionIndex(0), 20)] }), command: Some(0) } }
